// Jest Snapshot v1, https://goo.gl/fbAQLP

exports[`custom 1`] = `
"import(
/* webpackChunkName: 'foo-bar' */
'./foo/bar');"
`;

exports[`main 1`] = `
"import(
/* webpackChunkName: 'foo' */
'foo');
import(
/* webpackChunkName: 'foo' */
'./foo.js');
import(
/* webpackChunkName: 'foo/[request]' */
\`./foo/\${bar}\`);"
`;

exports[`skip exising magic comment 1`] = `
"import(
/* webpackChunkName: 'existing' */
'./foo');"
`;
